i2c.c:15:6:i2c1_init	16	static
i2c.c:51:9:i2c1_nack	0	static
i2c.c:55:6:i2c1_nack_clear	0	static
i2c.c:59:6:i2c1_deinit	0	static
i2c.c:64:6:i2c1_reset	8	static
i2c.c:74:16:i2c1_waitBit	0	static
i2c.c:100:6:I2C1_IRQHandler	0	static
i2c.c:106:9:i2c1_handle_error	0	static
i2c.c:110:6:i2c1_reset_error	0	static
i2c.c:113:9:i2c1_get_error	0	static
i2c.c:118:9:i2c1_transmission_busy	0	static
i2c.c:121:9:i2c1_transmission_start	20	static
i2c.c:135:9:i2c1_transmission_end	8	static
i2c.c:160:9:i2c1_transmission_write8	0	static
i2c.c:164:9:i2c1_transmission_read8	8	static
i2c.c:171:9:i2c1_write_blocking	24	static
i2c.c:183:9:i2c1_read	32	static
i2c.c:197:9:i2c1_dr	0	static
